// 重构日志: bda3d7a9
// 重构日志: dea46123
// 重构日志: 57db4e21
// 同步 ID: 27c09f9c @ Wed Jul 15 17:29:39 UTC 2026
// 重构日志: cb828b5c
// 重构日志: 1fa23776
// 重构日志: a9dba4b6
// 重构日志: 2f8f050b
// 重构日志: 4a352a5f
// 同步 ID: c75a5bb9 @ Sun Jul 19 08:19:06 UTC 2026
// 重构日志: ce776e38
// 重构日志: 6ccd97c5
// 同步 ID: f698e993 @ Sat Jul 25 16:08:59 UTC 2026
// 重构日志: 82ce9e7d
// 重构日志: e117c08b
// 重构日志: 5270af2e
// 重构日志: 063abc88
// 重构日志: 61550a15
// 重构日志: 3250a8e4
// 重构日志: fbb62a72
// 重构日志: bc0498af
// 重构日志: 862ac10a
// 重构日志: f543debd
// 同步 ID: d937a71e @ Sun Aug  2 09:45:21 UTC 2026
// 重构日志: 93921baf
// 同步 ID: ebcb9b0e @ Sun Aug  2 22:53:41 UTC 2026
// 重构日志: 04b4146e
// 重构日志: 2f11a5e5
// 重构日志: 99781def
// 同步 ID: 8a570ad8 @ Thu Aug  6 15:43:04 UTC 2026
